This is pdfTeX, Version 3.141592653-2.6-1.40.27 (TeX Live 2025) (preloaded format=pdflatex 2025.12.17)  7 SEP 2026 00:58
entering extended mode
 restricted \write18 enabled.
 %&-line parsing enabled.
**bare_jrnl_new_sample4.tex
(./bare_jrnl_new_sample4.tex
LaTeX2e <2024-11-01> patch level 2
L3 programming layer <2025-01-18>

(d:/Software/Tools/IDE/Tex Live/texlive/2025/texmf-dist/tex/latex/ieeetran/IEEE
tran.cls
Document Class: IEEEtran 2015/08/26 V1.8b by Michael Shell
-- See the "IEEEtran_HOWTO" manual for usage information.
-- http://www.michaelshell.org/tex/ieeetran/
\@IEEEtrantmpdimenA=\dimen141
\@IEEEtrantmpdimenB=\dimen142
\@IEEEtrantmpdimenC=\dimen143
\@IEEEtrantmpcountA=\count196
\@IEEEtrantmpcountB=\count197
\@IEEEtrantmpcountC=\count198
\@IEEEtrantmptoksA=\toks17
LaTeX Font Info:    Trying to load font information for OT1+ptm on input line 5
03.

(d:/Software/Tools/IDE/Tex Live/texlive/2025/texmf-dist/tex/latex/psnfss/ot1ptm
.fd
File: ot1ptm.fd 2001/06/04 font definitions for OT1/ptm.
)
-- Using 8.5in x 11in (letter) paper.
-- Using PDF output.
\@IEEEnormalsizeunitybaselineskip=\dimen144
-- This is a 10 point document.
\CLASSINFOnormalsizebaselineskip=\dimen145
\CLASSINFOnormalsizeunitybaselineskip=\dimen146
\IEEEnormaljot=\dimen147
LaTeX Font Info:    Font shape `OT1/ptm/bx/n' in size <5> not available
(Font)              Font shape `OT1/ptm/b/n' tried instead on input line 1090.
LaTeX Font Info:    Font shape `OT1/ptm/bx/it' in size <5> not available
(Font)              Font shape `OT1/ptm/b/it' tried instead on input line 1090.

LaTeX Font Info:    Font shape `OT1/ptm/bx/n' in size <7> not available
(Font)              Font shape `OT1/ptm/b/n' tried instead on input line 1090.
LaTeX Font Info:    Font shape `OT1/ptm/bx/it' in size <7> not available
(Font)              Font shape `OT1/ptm/b/it' tried instead on input line 1090.

LaTeX Font Info:    Font shape `OT1/ptm/bx/n' in size <8> not available
(Font)              Font shape `OT1/ptm/b/n' tried instead on input line 1090.
LaTeX Font Info:    Font shape `OT1/ptm/bx/it' in size <8> not available
(Font)              Font shape `OT1/ptm/b/it' tried instead on input line 1090.

LaTeX Font Info:    Font shape `OT1/ptm/bx/n' in size <9> not available
(Font)              Font shape `OT1/ptm/b/n' tried instead on input line 1090.
LaTeX Font Info:    Font shape `OT1/ptm/bx/it' in size <9> not available
(Font)              Font shape `OT1/ptm/b/it' tried instead on input line 1090.

LaTeX Font Info:    Font shape `OT1/ptm/bx/n' in size <10> not available
(Font)              Font shape `OT1/ptm/b/n' tried instead on input line 1090.
LaTeX Font Info:    Font shape `OT1/ptm/bx/it' in size <10> not available
(Font)              Font shape `OT1/ptm/b/it' tried instead on input line 1090.

LaTeX Font Info:    Font shape `OT1/ptm/bx/n' in size <11> not available
(Font)              Font shape `OT1/ptm/b/n' tried instead on input line 1090.
LaTeX Font Info:    Font shape `OT1/ptm/bx/it' in size <11> not available
(Font)              Font shape `OT1/ptm/b/it' tried instead on input line 1090.

LaTeX Font Info:    Font shape `OT1/ptm/bx/n' in size <12> not available
(Font)              Font shape `OT1/ptm/b/n' tried instead on input line 1090.
LaTeX Font Info:    Font shape `OT1/ptm/bx/it' in size <12> not available
(Font)              Font shape `OT1/ptm/b/it' tried instead on input line 1090.

LaTeX Font Info:    Font shape `OT1/ptm/bx/n' in size <17> not available
(Font)              Font shape `OT1/ptm/b/n' tried instead on input line 1090.
LaTeX Font Info:    Font shape `OT1/ptm/bx/it' in size <17> not available
(Font)              Font shape `OT1/ptm/b/it' tried instead on input line 1090.

LaTeX Font Info:    Font shape `OT1/ptm/bx/n' in size <20> not available
(Font)              Font shape `OT1/ptm/b/n' tried instead on input line 1090.
LaTeX Font Info:    Font shape `OT1/ptm/bx/it' in size <20> not available
(Font)              Font shape `OT1/ptm/b/it' tried instead on input line 1090.

LaTeX Font Info:    Font shape `OT1/ptm/bx/n' in size <24> not available
(Font)              Font shape `OT1/ptm/b/n' tried instead on input line 1090.
LaTeX Font Info:    Font shape `OT1/ptm/bx/it' in size <24> not available
(Font)              Font shape `OT1/ptm/b/it' tried instead on input line 1090.

\IEEEquantizedlength=\dimen148
\IEEEquantizedlengthdiff=\dimen149
\IEEEquantizedtextheightdiff=\dimen150
\IEEEilabelindentA=\dimen151
\IEEEilabelindentB=\dimen152
\IEEEilabelindent=\dimen153
\IEEEelabelindent=\dimen154
\IEEEdlabelindent=\dimen155
\IEEElabelindent=\dimen156
\IEEEiednormlabelsep=\dimen157
\IEEEiedmathlabelsep=\dimen158
\IEEEiedtopsep=\skip49
\c@section=\count199
\c@subsection=\count266
\c@subsubsection=\count267
\c@paragraph=\count268
\c@IEEEsubequation=\count269
\abovecaptionskip=\skip50
\belowcaptionskip=\skip51
\c@figure=\count270
\c@table=\count271
\@IEEEeqnnumcols=\count272
\@IEEEeqncolcnt=\count273
\@IEEEsubeqnnumrollback=\count274
\@IEEEquantizeheightA=\dimen159
\@IEEEquantizeheightB=\dimen160
\@IEEEquantizeheightC=\dimen161
\@IEEEquantizeprevdepth=\dimen162
\@IEEEquantizemultiple=\count275
\@IEEEquantizeboxA=\box52
\@IEEEtmpitemindent=\dimen163
\IEEEPARstartletwidth=\dimen164
\c@IEEEbiography=\count276
\@IEEEtranrubishbin=\box53
)
(d:/Software/Tools/IDE/Tex Live/texlive/2025/texmf-dist/tex/latex/amsmath/amsma
th.sty
Package: amsmath 2024/11/05 v2.17t AMS math features
\@mathmargin=\skip52

For additional information on amsmath, use the `?' option.

(d:/Software/Tools/IDE/Tex Live/texlive/2025/texmf-dist/tex/latex/amsmath/amste
xt.sty
Package: amstext 2021/08/26 v2.01 AMS text

(d:/Software/Tools/IDE/Tex Live/texlive/2025/texmf-dist/tex/latex/amsmath/amsge
n.sty
File: amsgen.sty 1999/11/30 v2.0 generic functions
\@emptytoks=\toks18
\ex@=\dimen165
))
(d:/Software/Tools/IDE/Tex Live/texlive/2025/texmf-dist/tex/latex/amsmath/amsbs
y.sty
Package: amsbsy 1999/11/29 v1.2d Bold Symbols
\pmbraise@=\dimen166
)
(d:/Software/Tools/IDE/Tex Live/texlive/2025/texmf-dist/tex/latex/amsmath/amsop
n.sty
Package: amsopn 2022/04/08 v2.04 operator names
)
\inf@bad=\count277
LaTeX Info: Redefining \frac on input line 233.
\uproot@=\count278
\leftroot@=\count279
LaTeX Info: Redefining \overline on input line 398.
LaTeX Info: Redefining \colon on input line 409.
\classnum@=\count280
\DOTSCASE@=\count281
LaTeX Info: Redefining \ldots on input line 495.
LaTeX Info: Redefining \dots on input line 498.
LaTeX Info: Redefining \cdots on input line 619.
\Mathstrutbox@=\box54
\strutbox@=\box55
LaTeX Info: Redefining \big on input line 721.
LaTeX Info: Redefining \Big on input line 722.
LaTeX Info: Redefining \bigg on input line 723.
LaTeX Info: Redefining \Bigg on input line 724.
\big@size=\dimen167
LaTeX Font Info:    Redeclaring font encoding OML on input line 742.
LaTeX Font Info:    Redeclaring font encoding OMS on input line 743.
\macc@depth=\count282
LaTeX Info: Redefining \bmod on input line 904.
LaTeX Info: Redefining \pmod on input line 909.
LaTeX Info: Redefining \smash on input line 939.
LaTeX Info: Redefining \relbar on input line 969.
LaTeX Info: Redefining \Relbar on input line 970.
\c@MaxMatrixCols=\count283
\dotsspace@=\muskip17
\c@parentequation=\count284
\dspbrk@lvl=\count285
\tag@help=\toks19
\row@=\count286
\column@=\count287
\maxfields@=\count288
\andhelp@=\toks20
\eqnshift@=\dimen168
\alignsep@=\dimen169
\tagshift@=\dimen170
\tagwidth@=\dimen171
\totwidth@=\dimen172
\lineht@=\dimen173
\@envbody=\toks21
\multlinegap=\skip53
\multlinetaggap=\skip54
\mathdisplay@stack=\toks22
LaTeX Info: Redefining \[ on input line 2953.
LaTeX Info: Redefining \] on input line 2954.
)
(d:/Software/Tools/IDE/Tex Live/texlive/2025/texmf-dist/tex/latex/amsfonts/amsf
onts.sty
Package: amsfonts 2013/01/14 v3.01 Basic AMSFonts support
\symAMSa=\mathgroup4
\symAMSb=\mathgroup5
LaTeX Font Info:    Redeclaring math symbol \hbar on input line 98.
LaTeX Font Info:    Overwriting math alphabet `\mathfrak' in version `bold'
(Font)                  U/euf/m/n --> U/euf/b/n on input line 106.
)
(d:/Software/Tools/IDE/Tex Live/texlive/2025/texmf-dist/tex/latex/amsfonts/amss
ymb.sty
Package: amssymb 2013/01/14 v3.01 AMS font symbols
)
(d:/Software/Tools/IDE/Tex Live/texlive/2025/texmf-dist/tex/latex/algorithms/al
gorithmic.sty
Package: algorithmic 2009/08/24 v0.1 Document Style `algorithmic'

(d:/Software/Tools/IDE/Tex Live/texlive/2025/texmf-dist/tex/latex/base/ifthen.s
ty
Package: ifthen 2024/03/16 v1.1e Standard LaTeX ifthen package (DPC)
)
(d:/Software/Tools/IDE/Tex Live/texlive/2025/texmf-dist/tex/latex/graphics/keyv
al.sty
Package: keyval 2022/05/29 v1.15 key=value parser (DPC)
\KV@toks@=\toks23
)
\c@ALC@unique=\count289
\c@ALC@line=\count290
\c@ALC@rem=\count291
\c@ALC@depth=\count292
\ALC@tlm=\skip55
\algorithmicindent=\skip56
)
(d:/Software/Tools/IDE/Tex Live/texlive/2025/texmf-dist/tex/latex/algorithms/al
gorithm.sty
Package: algorithm 2009/08/24 v0.1 Document Style `algorithm' - floating enviro
nment

(d:/Software/Tools/IDE/Tex Live/texlive/2025/texmf-dist/tex/latex/float/float.s
ty
Package: float 2001/11/08 v1.3d Float enhancements (AL)
\c@float@type=\count293
\float@exts=\toks24
\float@box=\box56
\@float@everytoks=\toks25
\@floatcapt=\box57
)
\@float@every@algorithm=\toks26
\c@algorithm=\count294
)
(d:/Software/Tools/IDE/Tex Live/texlive/2025/texmf-dist/tex/latex/tools/array.s
ty
Package: array 2024/10/17 v2.6g Tabular extension package (FMi)
\col@sep=\dimen174
\ar@mcellbox=\box58
\extrarowheight=\dimen175
\NC@list=\toks27
\extratabsurround=\skip57
\backup@length=\skip58
\ar@cellbox=\box59
)
(d:/Software/Tools/IDE/Tex Live/texlive/2025/texmf-dist/tex/latex/subfig/subfig
.sty
Package: subfig 2005/06/28 ver: 1.3 subfig package

(d:/Software/Tools/IDE/Tex Live/texlive/2025/texmf-dist/tex/latex/caption/capti
on3.sty
Package: caption3 2023/07/31 v2.4d caption3 kernel (AR)
\caption@tempdima=\dimen176
\captionmargin=\dimen177
\caption@leftmargin=\dimen178
\caption@rightmargin=\dimen179
\caption@width=\dimen180
\caption@indent=\dimen181
\caption@parindent=\dimen182
\caption@hangindent=\dimen183
Package caption Info: Unknown document class (or package),
(caption)             standard defaults will be used.
Package caption Info: \@makecaption = \long macro:#1#2->\ifx \@captype \@IEEEta
blestring \footnotesize \bgroup \par \centering \@IEEEtabletopskipstrut {\norma
lfont \footnotesize #1}\\{\normalfont \footnotesize \scshape #2}\par \addvspace
 {0.5\baselineskip }\egroup \@IEEEtablecaptionsepspace \else \@IEEEfigurecaptio
nsepspace \setbox \@tempboxa \hbox {\normalfont \footnotesize {#1.}\nobreakspac
e \nobreakspace #2}\ifdim \wd \@tempboxa >\hsize \setbox \@tempboxa \hbox {\nor
malfont \footnotesize {#1.}\nobreakspace \nobreakspace }\parbox [t]{\hsize }{\n
ormalfont \footnotesize \noindent \unhbox \@tempboxa #2}\else \ifCLASSOPTIONcon
ference \hbox to\hsize {\normalfont \footnotesize \hfil \box \@tempboxa \hfil }
\else \hbox to\hsize {\normalfont \footnotesize \box \@tempboxa \hfil }\fi \fi 
\fi  on input line 1175.
)
\c@KVtest=\count295
\sf@farskip=\skip59
\sf@captopadj=\dimen184
\sf@capskip=\skip60
\sf@nearskip=\skip61
\c@subfigure=\count296
\c@subfigure@save=\count297
\c@lofdepth=\count298
\c@subtable=\count299
\c@subtable@save=\count300
\c@lotdepth=\count301
\sf@top=\skip62
\sf@bottom=\skip63
)
(d:/Software/Tools/IDE/Tex Live/texlive/2025/texmf-dist/tex/latex/base/textcomp
.sty
Package: textcomp 2024/04/24 v2.1b Standard LaTeX package
)
(d:/Software/Tools/IDE/Tex Live/texlive/2025/texmf-dist/tex/latex/sttools/stflo
ats.sty
Package: stfloats 2017/03/27 v3.3 Improve float mechanism and baselineskip sett
ings
\@dblbotnum=\count302
\c@dblbotnumber=\count303
)
(d:/Software/Tools/IDE/Tex Live/texlive/2025/texmf-dist/tex/latex/url/url.sty
\Urlmuskip=\muskip18
Package: url 2013/09/16  ver 3.4  Verb mode for urls, etc.
)
(d:/Software/Tools/IDE/Tex Live/texlive/2025/texmf-dist/tex/latex/tools/verbati
m.sty
Package: verbatim 2024-01-22 v1.5x LaTeX2e package for verbatim enhancements
\every@verbatim=\toks28
\verbatim@line=\toks29
\verbatim@in@stream=\read2
)
(d:/Software/Tools/IDE/Tex Live/texlive/2025/texmf-dist/tex/latex/graphics/grap
hicx.sty
Package: graphicx 2021/09/16 v1.2d Enhanced LaTeX Graphics (DPC,SPQR)

(d:/Software/Tools/IDE/Tex Live/texlive/2025/texmf-dist/tex/latex/graphics/grap
hics.sty
Package: graphics 2024/08/06 v1.4g Standard LaTeX Graphics (DPC,SPQR)

(d:/Software/Tools/IDE/Tex Live/texlive/2025/texmf-dist/tex/latex/graphics/trig
.sty
Package: trig 2023/12/02 v1.11 sin cos tan (DPC)
)
(d:/Software/Tools/IDE/Tex Live/texlive/2025/texmf-dist/tex/latex/graphics-cfg/
graphics.cfg
File: graphics.cfg 2016/06/04 v1.11 sample graphics configuration
)
Package graphics Info: Driver file: pdftex.def on input line 106.

(d:/Software/Tools/IDE/Tex Live/texlive/2025/texmf-dist/tex/latex/graphics-def/
pdftex.def
File: pdftex.def 2024/04/13 v1.2c Graphics/color driver for pdftex
))
\Gin@req@height=\dimen185
\Gin@req@width=\dimen186
)
(d:/Software/Tools/IDE/Tex Live/texlive/2025/texmf-dist/tex/latex/cite/cite.sty
LaTeX Info: Redefining \cite on input line 302.
LaTeX Info: Redefining \nocite on input line 332.
Package: cite 2015/02/27  v 5.5
)
(d:/Software/Tools/IDE/Tex Live/texlive/2025/texmf-dist/tex/latex/booktabs/book
tabs.sty
Package: booktabs 2020/01/12 v1.61803398 Publication quality tables
\heavyrulewidth=\dimen187
\lightrulewidth=\dimen188
\cmidrulewidth=\dimen189
\belowrulesep=\dimen190
\belowbottomsep=\dimen191
\aboverulesep=\dimen192
\abovetopsep=\dimen193
\cmidrulesep=\dimen194
\cmidrulekern=\dimen195
\defaultaddspace=\dimen196
\@cmidla=\count304
\@cmidlb=\count305
\@aboverulesep=\dimen197
\@belowrulesep=\dimen198
\@thisruleclass=\count306
\@lastruleclass=\count307
\@thisrulewidth=\dimen199
)
(d:/Software/Tools/IDE/Tex Live/texlive/2025/texmf-dist/tex/latex/xcolor/xcolor
.sty
Package: xcolor 2024/09/29 v3.02 LaTeX color extensions (UK)

(d:/Software/Tools/IDE/Tex Live/texlive/2025/texmf-dist/tex/latex/graphics-cfg/
color.cfg
File: color.cfg 2016/01/02 v1.6 sample color configuration
)
Package xcolor Info: Driver file: pdftex.def on input line 274.

(d:/Software/Tools/IDE/Tex Live/texlive/2025/texmf-dist/tex/latex/graphics/math
color.ltx)
Package xcolor Info: Model `cmy' substituted by `cmy0' on input line 1349.
Package xcolor Info: Model `hsb' substituted by `rgb' on input line 1353.
Package xcolor Info: Model `RGB' extended on input line 1365.
Package xcolor Info: Model `HTML' substituted by `rgb' on input line 1367.
Package xcolor Info: Model `Hsb' substituted by `hsb' on input line 1368.
Package xcolor Info: Model `tHsb' substituted by `hsb' on input line 1369.
Package xcolor Info: Model `HSB' substituted by `hsb' on input line 1370.
Package xcolor Info: Model `Gray' substituted by `gray' on input line 1371.
Package xcolor Info: Model `wave' substituted by `hsb' on input line 1372.
)
(d:/Software/Tools/IDE/Tex Live/texlive/2025/texmf-dist/tex/latex/l3backend/l3b
ackend-pdftex.def
File: l3backend-pdftex.def 2024-05-08 L3 backend support: PDF output (pdfTeX)
\l__color_backend_stack_int=\count308
\l__pdf_internal_box=\box60
)

LaTeX Warning: Unused global option(s):
    [lettersize].

(./bare_jrnl_new_sample4.aux)
\openout1 = `bare_jrnl_new_sample4.aux'.

LaTeX Font Info:    Checking defaults for OML/cmm/m/it on input line 17.
LaTeX Font Info:    ... okay on input line 17.
LaTeX Font Info:    Checking defaults for OMS/cmsy/m/n on input line 17.
LaTeX Font Info:    ... okay on input line 17.
LaTeX Font Info:    Checking defaults for OT1/cmr/m/n on input line 17.
LaTeX Font Info:    ... okay on input line 17.
LaTeX Font Info:    Checking defaults for T1/cmr/m/n on input line 17.
LaTeX Font Info:    ... okay on input line 17.
LaTeX Font Info:    Checking defaults for TS1/cmr/m/n on input line 17.
LaTeX Font Info:    ... okay on input line 17.
LaTeX Font Info:    Checking defaults for OMX/cmex/m/n on input line 17.
LaTeX Font Info:    ... okay on input line 17.
LaTeX Font Info:    Checking defaults for U/cmr/m/n on input line 17.
LaTeX Font Info:    ... okay on input line 17.

-- Lines per column: 58 (exact).
Package caption Info: Begin \AtBeginDocument code.
Package caption Info: subfig package v1.3 is loaded.
Package caption Info: End \AtBeginDocument code.

(d:/Software/Tools/IDE/Tex Live/texlive/2025/texmf-dist/tex/context/base/mkii/s
upp-pdf.mkii
[Loading MPS to PDF converter (version 2006.09.02).]
\scratchcounter=\count309
\scratchdimen=\dimen256
\scratchbox=\box61
\nofMPsegments=\count310
\nofMParguments=\count311
\everyMPshowfont=\toks30
\MPscratchCnt=\count312
\MPscratchDim=\dimen257
\MPnumerator=\count313
\makeMPintoPDFobject=\count314
\everyMPtoPDFconversion=\toks31
)
(d:/Software/Tools/IDE/Tex Live/texlive/2025/texmf-dist/tex/latex/epstopdf-pkg/
epstopdf-base.sty
Package: epstopdf-base 2020-01-24 v2.11 Base part for package epstopdf
Package epstopdf-base Info: Redefining graphics rule for `.eps' on input line 4
85.

(d:/Software/Tools/IDE/Tex Live/texlive/2025/texmf-dist/tex/latex/latexconfig/e
pstopdf-sys.cfg
File: epstopdf-sys.cfg 2010/07/13 v1.3 Configuration of (r)epstopdf for TeX Liv
e
))
Underfull \vbox (badness 10000) has occurred while \output is active []





[1{d:/Software/Tools/IDE/Tex Live/texlive/2025/texmf-var/fonts/map/pdftex/updma
p/pdftex.map}{d:/Software/Tools/IDE/Tex Live/texlive/2025/texmf-dist/fonts/enc/
dvips/base/8r.enc}


]
Underfull \hbox (badness 2318) in paragraph at lines 51--52
\OT1/ptm/m/n/10 and a high-frequency on-line phase, and fur-ther moves
 []


Underfull \vbox (badness 10000) has occurred while \output is active []




Underfull \hbox (badness 4713) in paragraph at lines 74--75
[]\OT1/ptm/m/n/10 How can fast revocation-set lookup and pre-cise
 []



[2]
Underfull \hbox (badness 3803) in paragraph at lines 87--88
[]\OT1/ptm/m/n/10 An elastic-boundary-driven pre-move au-then-ti-ca-tion
 []


Underfull \hbox (badness 10000) in paragraph at lines 89--90
[]\OT1/ptm/m/n/10 A four-level malicious-request fil-ter-ing chain is
 []


Underfull \hbox (badness 3291) in paragraph at lines 89--90
\OT1/ptm/m/n/10 de-signed, con-sist-ing of pro-to-col/freshness fil-ter-ing,
 []





[3]

LaTeX Font Info:    Trying to load font information for U+msa on input line 146
.

(d:/Software/Tools/IDE/Tex Live/texlive/2025/texmf-dist/tex/latex/amsfonts/umsa
.fd
File: umsa.fd 2013/01/14 v3.01 AMS symbols A
)
LaTeX Font Info:    Trying to load font information for U+msb on input line 146
.

(d:/Software/Tools/IDE/Tex Live/texlive/2025/texmf-dist/tex/latex/amsfonts/umsb
.fd
File: umsb.fd 2013/01/14 v3.01 AMS symbols B
)

[4]



[5]
Overfull \hbox (218.46701pt too wide) detected at line 195
[]\OML/cmm/m/it/10 Registration \OMS/cmsy/m/n/10 ! \OML/cmm/m/it/10 PreMove \OM
S/cmsy/m/n/10 ! \OML/cmm/m/it/10 Filtering \OMS/cmsy/m/n/10 ! \OML/cmm/m/it/10 
Authentication \OMS/cmsy/m/n/10 ! \OML/cmm/m/it/10 Monitoring \OMS/cmsy/m/n/10 
! \OML/cmm/m/it/10 Revocation \OMS/cmsy/m/n/10 ! \OML/cmm/m/it/10 AntiWashing:
 []





[6]


Underfull \hbox (badness 1448) in paragraph at lines 290--291
[]\OT1/ptm/m/n/10 The cen-tral pur-pose of pre-authentication is to move
 []



[7]



[8]


Underfull \hbox (badness 4391) in paragraph at lines 408--409
[]\OT1/ptm/m/n/10 A clear au-tho-riza-tion bound-ary ex-ists be-tween pre-
 []



[9]
Overfull \hbox (16.27469pt too wide) detected at line 449
[]\OML/cmm/m/it/10 Audit \OT1/cmr/m/n/10 = (\OML/cmm/m/it/10 Evidence; Trust[];
 StateProof; DomainSignature\OT1/cmr/m/n/10 )\OML/cmm/m/it/10 :
 []


Underfull \hbox (badness 5091) in paragraph at lines 456--457
[]\OT1/ptm/m/n/10 The re-vo-ca-tion event is writ-ten to the con-sor-tium
 []





[10]



[11]



[12]
Underfull \hbox (badness 2205) in paragraph at lines 604--605
[]\OT1/ptm/m/n/10 The pro-posed post-quantum strat-egy fol-lows security-
 []


Underfull \hbox (badness 7099) in paragraph at lines 604--605
\OT1/ptm/m/n/10 lifecycle sep-a-ra-tion. Long-lived reg-is-tra-tion cre-den-tia
ls,
 []


Underfull \hbox (badness 1596) in paragraph at lines 606--607
[]\OT1/ptm/m/n/10 When on-line cryp-tog-ra-phy is fully mi-grated to post-
 []




Underfull \hbox (badness 2781) in paragraph at lines 642--643
[]\OT1/ptm/m/n/10 The con-ven-tional post-boundary au-then-ti-ca-tion la-tency
 []



[13]



[14]



[15]



[16

] (./bare_jrnl_new_sample4.aux)
 ***********
LaTeX2e <2024-11-01> patch level 2
L3 programming layer <2025-01-18>
 ***********
 ) 
Here is how much of TeX's memory you used:
 5598 strings out of 473190
 94110 string characters out of 5705356
 500747 words of memory out of 5000000
 28789 multiletter control sequences out of 15000+600000
 592117 words of font info for 94 fonts, out of 8000000 for 9000
 1145 hyphenation exceptions out of 8191
 57i,7n,65p,2816b,282s stack positions out of 10000i,1000n,20000p,200000b,200000s
<d:/Software/Tools/IDE/Tex Live/texlive/2025/texmf-dist/fonts/type1/public/am
sfonts/cm/cmex10.pfb><d:/Software/Tools/IDE/Tex Live/texlive/2025/texmf-dist/fo
nts/type1/public/amsfonts/cm/cmmi10.pfb><d:/Software/Tools/IDE/Tex Live/texlive
/2025/texmf-dist/fonts/type1/public/amsfonts/cm/cmmi5.pfb><d:/Software/Tools/ID
E/Tex Live/texlive/2025/texmf-dist/fonts/type1/public/amsfonts/cm/cmmi7.pfb><d:
/Software/Tools/IDE/Tex Live/texlive/2025/texmf-dist/fonts/type1/public/amsfont
s/cm/cmr10.pfb><d:/Software/Tools/IDE/Tex Live/texlive/2025/texmf-dist/fonts/ty
pe1/public/amsfonts/cm/cmr7.pfb><d:/Software/Tools/IDE/Tex Live/texlive/2025/te
xmf-dist/fonts/type1/public/amsfonts/cm/cmsy10.pfb><d:/Software/Tools/IDE/Tex L
ive/texlive/2025/texmf-dist/fonts/type1/public/amsfonts/cm/cmsy7.pfb><d:/Softwa
re/Tools/IDE/Tex Live/texlive/2025/texmf-dist/fonts/type1/urw/times/utmb8a.pfb>
<d:/Software/Tools/IDE/Tex Live/texlive/2025/texmf-dist/fonts/type1/urw/times/u
tmbi8a.pfb><d:/Software/Tools/IDE/Tex Live/texlive/2025/texmf-dist/fonts/type1/
urw/times/utmr8a.pfb><d:/Software/Tools/IDE/Tex Live/texlive/2025/texmf-dist/fo
nts/type1/urw/times/utmri8a.pfb>
Output written on bare_jrnl_new_sample4.pdf (16 pages, 232421 bytes).
PDF statistics:
 117 PDF objects out of 1000 (max. 8388607)
 74 compressed objects within 1 object stream
 0 named destinations out of 1000 (max. 500000)
 1 words of extra memory for PDF output out of 10000 (max. 10000000)

