This is pdfTeX, Version 3.141592653-2.6-1.40.27 (TeX Live 2025) (preloaded format=pdflatex 2025.12.17)  7 AUG 2026 20:33
entering extended mode
 restricted \write18 enabled.
 %&-line parsing enabled.
**conference_041818.tex
(./conference_041818.tex
LaTeX2e <2024-11-01> patch level 2
L3 programming layer <2025-01-18>
(./IEEEtran.cls
Document Class: IEEEtran 2015/08/26 V1.8b by Michael Shell
-- See the "IEEEtran_HOWTO" manual for usage information.
-- http://www.michaelshell.org/tex/ieeetran/
\@IEEEtrantmpdimenA=\dimen141
\@IEEEtrantmpdimenB=\dimen142
\@IEEEtrantmpdimenC=\dimen143
\@IEEEtrantmpcountA=\count196
\@IEEEtrantmpcountB=\count197
\@IEEEtrantmpcountC=\count198
\@IEEEtrantmptoksA=\toks17
LaTeX Font Info:    Trying to load font information for OT1+ptm on input line 5
03.

(d:/Software/Tools/IDE/Tex Live/texlive/2025/texmf-dist/tex/latex/psnfss/ot1ptm
.fd
File: ot1ptm.fd 2001/06/04 font definitions for OT1/ptm.
)
-- Using 8.5in x 11in (letter) paper.
-- Using PDF output.
\@IEEEnormalsizeunitybaselineskip=\dimen144
-- This is a 10 point document.
\CLASSINFOnormalsizebaselineskip=\dimen145
\CLASSINFOnormalsizeunitybaselineskip=\dimen146
\IEEEnormaljot=\dimen147
LaTeX Font Info:    Font shape `OT1/ptm/bx/n' in size <5> not available
(Font)              Font shape `OT1/ptm/b/n' tried instead on input line 1090.
LaTeX Font Info:    Font shape `OT1/ptm/bx/it' in size <5> not available
(Font)              Font shape `OT1/ptm/b/it' tried instead on input line 1090.

LaTeX Font Info:    Font shape `OT1/ptm/bx/n' in size <7> not available
(Font)              Font shape `OT1/ptm/b/n' tried instead on input line 1090.
LaTeX Font Info:    Font shape `OT1/ptm/bx/it' in size <7> not available
(Font)              Font shape `OT1/ptm/b/it' tried instead on input line 1090.

LaTeX Font Info:    Font shape `OT1/ptm/bx/n' in size <8> not available
(Font)              Font shape `OT1/ptm/b/n' tried instead on input line 1090.
LaTeX Font Info:    Font shape `OT1/ptm/bx/it' in size <8> not available
(Font)              Font shape `OT1/ptm/b/it' tried instead on input line 1090.

LaTeX Font Info:    Font shape `OT1/ptm/bx/n' in size <9> not available
(Font)              Font shape `OT1/ptm/b/n' tried instead on input line 1090.
LaTeX Font Info:    Font shape `OT1/ptm/bx/it' in size <9> not available
(Font)              Font shape `OT1/ptm/b/it' tried instead on input line 1090.

LaTeX Font Info:    Font shape `OT1/ptm/bx/n' in size <10> not available
(Font)              Font shape `OT1/ptm/b/n' tried instead on input line 1090.
LaTeX Font Info:    Font shape `OT1/ptm/bx/it' in size <10> not available
(Font)              Font shape `OT1/ptm/b/it' tried instead on input line 1090.

LaTeX Font Info:    Font shape `OT1/ptm/bx/n' in size <11> not available
(Font)              Font shape `OT1/ptm/b/n' tried instead on input line 1090.
LaTeX Font Info:    Font shape `OT1/ptm/bx/it' in size <11> not available
(Font)              Font shape `OT1/ptm/b/it' tried instead on input line 1090.

LaTeX Font Info:    Font shape `OT1/ptm/bx/n' in size <12> not available
(Font)              Font shape `OT1/ptm/b/n' tried instead on input line 1090.
LaTeX Font Info:    Font shape `OT1/ptm/bx/it' in size <12> not available
(Font)              Font shape `OT1/ptm/b/it' tried instead on input line 1090.

LaTeX Font Info:    Font shape `OT1/ptm/bx/n' in size <17> not available
(Font)              Font shape `OT1/ptm/b/n' tried instead on input line 1090.
LaTeX Font Info:    Font shape `OT1/ptm/bx/it' in size <17> not available
(Font)              Font shape `OT1/ptm/b/it' tried instead on input line 1090.

LaTeX Font Info:    Font shape `OT1/ptm/bx/n' in size <20> not available
(Font)              Font shape `OT1/ptm/b/n' tried instead on input line 1090.
LaTeX Font Info:    Font shape `OT1/ptm/bx/it' in size <20> not available
(Font)              Font shape `OT1/ptm/b/it' tried instead on input line 1090.

LaTeX Font Info:    Font shape `OT1/ptm/bx/n' in size <24> not available
(Font)              Font shape `OT1/ptm/b/n' tried instead on input line 1090.
LaTeX Font Info:    Font shape `OT1/ptm/bx/it' in size <24> not available
(Font)              Font shape `OT1/ptm/b/it' tried instead on input line 1090.

\IEEEquantizedlength=\dimen148
\IEEEquantizedlengthdiff=\dimen149
\IEEEquantizedtextheightdiff=\dimen150
\IEEEilabelindentA=\dimen151
\IEEEilabelindentB=\dimen152
\IEEEilabelindent=\dimen153
\IEEEelabelindent=\dimen154
\IEEEdlabelindent=\dimen155
\IEEElabelindent=\dimen156
\IEEEiednormlabelsep=\dimen157
\IEEEiedmathlabelsep=\dimen158
\IEEEiedtopsep=\skip49
\c@section=\count199
\c@subsection=\count266
\c@subsubsection=\count267
\c@paragraph=\count268
\c@IEEEsubequation=\count269
\abovecaptionskip=\skip50
\belowcaptionskip=\skip51
\c@figure=\count270
\c@table=\count271
\@IEEEeqnnumcols=\count272
\@IEEEeqncolcnt=\count273
\@IEEEsubeqnnumrollback=\count274
\@IEEEquantizeheightA=\dimen159
\@IEEEquantizeheightB=\dimen160
\@IEEEquantizeheightC=\dimen161
\@IEEEquantizeprevdepth=\dimen162
\@IEEEquantizemultiple=\count275
\@IEEEquantizeboxA=\box52
\@IEEEtmpitemindent=\dimen163
\IEEEPARstartletwidth=\dimen164
\c@IEEEbiography=\count276
\@IEEEtranrubishbin=\box53
)
** ATTENTION: Overriding command lockouts (line 2).

(d:/Software/Tools/IDE/Tex Live/texlive/2025/texmf-dist/tex/latex/ctex/ctex.sty

(d:/Software/Tools/IDE/Tex Live/texlive/2025/texmf-dist/tex/latex/l3kernel/expl
3.sty
Package: expl3 2025-01-18 L3 programming layer (loader) 

(d:/Software/Tools/IDE/Tex Live/texlive/2025/texmf-dist/tex/latex/l3backend/l3b
ackend-pdftex.def
File: l3backend-pdftex.def 2024-05-08 L3 backend support: PDF output (pdfTeX)
\l__color_backend_stack_int=\count277
\l__pdf_internal_box=\box54
))

LaTeX Warning: You have requested package `CTEX',
               but the package provides `ctex'.

Package: ctex 2022/07/14 v2.5.10 Chinese adapter in LaTeX (CTEX)

(d:/Software/Tools/IDE/Tex Live/texlive/2025/texmf-dist/tex/latex/ctex/ctexhook
.sty
Package: ctexhook 2022/07/14 v2.5.10 Document and package hooks (CTEX)
)
(d:/Software/Tools/IDE/Tex Live/texlive/2025/texmf-dist/tex/latex/ctex/ctexpatc
h.sty
Package: ctexpatch 2022/07/14 v2.5.10 Patching commands (CTEX)
)
(d:/Software/Tools/IDE/Tex Live/texlive/2025/texmf-dist/tex/latex/base/fix-cm.s
ty
Package: fix-cm 2020/11/24 v1.1t fixes to LaTeX

(d:/Software/Tools/IDE/Tex Live/texlive/2025/texmf-dist/tex/latex/base/ts1enc.d
ef
File: ts1enc.def 2001/06/05 v3.0e (jk/car/fm) Standard LaTeX file
LaTeX Font Info:    Redeclaring font encoding TS1 on input line 47.
))
\l__ctex_tmp_int=\count278
\l__ctex_tmp_box=\box55
\l__ctex_tmp_dim=\dimen165
\g__ctex_section_depth_int=\count279
\g__ctex_font_size_int=\count280

(d:/Software/Tools/IDE/Tex Live/texlive/2025/texmf-dist/tex/latex/ctex/config/c
texopts.cfg
File: ctexopts.cfg 2022/07/14 v2.5.10 Option configuration file (CTEX)
)

Package ctex Warning: UTF8 will be used as the default encoding.


(d:/Software/Tools/IDE/Tex Live/texlive/2025/texmf-dist/tex/latex/ctex/engine/c
tex-engine-pdftex.def
File: ctex-engine-pdftex.def 2022/07/14 v2.5.10 (pdf)LaTeX adapter (CTEX)

(d:/Software/Tools/IDE/Tex Live/texlive/2025/texmf-dist/tex/latex/cjk/texinput/
CJKutf8.sty
Package: CJKutf8 2021/10/16 4.8.5

(d:/Software/Tools/IDE/Tex Live/texlive/2025/texmf-dist/tex/generic/iftex/ifpdf
.sty
Package: ifpdf 2019/10/25 v3.4 ifpdf legacy package. Use iftex instead.

(d:/Software/Tools/IDE/Tex Live/texlive/2025/texmf-dist/tex/generic/iftex/iftex
.sty
Package: iftex 2024/12/12 v1.0g TeX engine tests
))
(d:/Software/Tools/IDE/Tex Live/texlive/2025/texmf-dist/tex/latex/base/inputenc
.sty
Package: inputenc 2024/02/08 v1.3d Input encoding file
\inpenc@prehook=\toks18
\inpenc@posthook=\toks19
)
(d:/Software/Tools/IDE/Tex Live/texlive/2025/texmf-dist/tex/latex/cjk/texinput/
CJK.sty
Package: CJK 2021/10/16 4.8.5

(d:/Software/Tools/IDE/Tex Live/texlive/2025/texmf-dist/tex/latex/cjk/texinput/
mule/MULEenc.sty
Package: MULEenc 2021/10/16 4.8.5
)
(d:/Software/Tools/IDE/Tex Live/texlive/2025/texmf-dist/tex/latex/cjk/texinput/
CJK.enc
File: CJK.enc 2021/10/16 4.8.5
Now handling font encoding C00 ...
... no UTF-8 mapping file for font encoding C00
Now handling font encoding C05 ...
... no UTF-8 mapping file for font encoding C05
Now handling font encoding C09 ...
... no UTF-8 mapping file for font encoding C09
Now handling font encoding C10 ...
... no UTF-8 mapping file for font encoding C10
Now handling font encoding C20 ...
... no UTF-8 mapping file for font encoding C20
Now handling font encoding C19 ...
... no UTF-8 mapping file for font encoding C19
Now handling font encoding C40 ...
... no UTF-8 mapping file for font encoding C40
Now handling font encoding C42 ...
... no UTF-8 mapping file for font encoding C42
Now handling font encoding C43 ...
... no UTF-8 mapping file for font encoding C43
Now handling font encoding C50 ...
... no UTF-8 mapping file for font encoding C50
Now handling font encoding C52 ...
... no UTF-8 mapping file for font encoding C52
Now handling font encoding C49 ...
... no UTF-8 mapping file for font encoding C49
Now handling font encoding C60 ...
... no UTF-8 mapping file for font encoding C60
Now handling font encoding C61 ...
... no UTF-8 mapping file for font encoding C61
Now handling font encoding C63 ...
... no UTF-8 mapping file for font encoding C63
Now handling font encoding C64 ...
... no UTF-8 mapping file for font encoding C64
Now handling font encoding C65 ...
... no UTF-8 mapping file for font encoding C65
Now handling font encoding C70 ...
... no UTF-8 mapping file for font encoding C70
Now handling font encoding C31 ...
... no UTF-8 mapping file for font encoding C31
Now handling font encoding C32 ...
... no UTF-8 mapping file for font encoding C32
Now handling font encoding C33 ...
... no UTF-8 mapping file for font encoding C33
Now handling font encoding C34 ...
... no UTF-8 mapping file for font encoding C34
Now handling font encoding C35 ...
... no UTF-8 mapping file for font encoding C35
Now handling font encoding C36 ...
... no UTF-8 mapping file for font encoding C36
Now handling font encoding C37 ...
... no UTF-8 mapping file for font encoding C37
Now handling font encoding C80 ...
... no UTF-8 mapping file for font encoding C80
Now handling font encoding C81 ...
... no UTF-8 mapping file for font encoding C81
Now handling font encoding C01 ...
... no UTF-8 mapping file for font encoding C01
Now handling font encoding C11 ...
... no UTF-8 mapping file for font encoding C11
Now handling font encoding C21 ...
... no UTF-8 mapping file for font encoding C21
Now handling font encoding C41 ...
... no UTF-8 mapping file for font encoding C41
Now handling font encoding C62 ...
... no UTF-8 mapping file for font encoding C62
)
\CJK@indent=\box56
)
(d:/Software/Tools/IDE/Tex Live/texlive/2025/texmf-dist/tex/latex/base/fontenc.
sty
Package: fontenc 2021/04/29 v2.0v Standard LaTeX package
))
(d:/Software/Tools/IDE/Tex Live/texlive/2025/texmf-dist/tex/latex/cjkpunct/CJKp
unct.sty
Package: CJKpunct 2016/05/14 4.8.4
\CJKpunct@cnta=\count281
\CJKpunct@cntb=\count282
\CJKpunct@cntc=\count283
\CJKpunct@cntd=\count284
\CJKpunct@cnte=\count285
   defining Unicode char U+2018 (decimal 8216)
   defining Unicode char U+2019 (decimal 8217)
   defining Unicode char U+201C (decimal 8220)
   defining Unicode char U+201D (decimal 8221)
   defining Unicode char U+2014 (decimal 8212)
   defining Unicode char U+2026 (decimal 8230)

(d:/Software/Tools/IDE/Tex Live/texlive/2025/texmf-dist/tex/latex/cjkpunct/CJKp
unct.spa))
(d:/Software/Tools/IDE/Tex Live/texlive/2025/texmf-dist/tex/latex/cjk/texinput/
CJKspace.sty
Package: CJKspace 2021/10/16 3.8.0
)
(d:/Software/Tools/IDE/Tex Live/texlive/2025/texmf-dist/tex/latex/cjk/texinput/
UTF8/UTF8.bdg
File: UTF8.bdg 2021/10/16 4.8.5
)
(d:/Software/Tools/IDE/Tex Live/texlive/2025/texmf-dist/tex/latex/ctex/ctexspa.
def
File: ctexspa.def 2022/07/14 v2.5.10 Space info for CJKpunct (CTEX)
)
\ccwd=\dimen166
\l__ctex_ccglue_skip=\skip52
)
\l__ctex_ziju_dim=\dimen167

(d:/Software/Tools/IDE/Tex Live/texlive/2025/texmf-dist/tex/latex/zhnumber/zhnu
mber.sty
Package: zhnumber 2022/07/14 v3.0 Typesetting numbers with Chinese glyphs
\l__zhnum_scale_int=\count286
\l__zhnum_tmp_int=\count287

(d:/Software/Tools/IDE/Tex Live/texlive/2025/texmf-dist/tex/latex/zhnumber/zhnu
mber-utf8.cfg
File: zhnumber-utf8.cfg 2022/07/14 v3.0 Chinese numerals with UTF8 encoding
))
(d:/Software/Tools/IDE/Tex Live/texlive/2025/texmf-dist/tex/latex/ctex/scheme/c
tex-scheme-chinese.def
File: ctex-scheme-chinese.def 2022/07/14 v2.5.10 Chinese scheme for generic (CT
EX)

(d:/Software/Tools/IDE/Tex Live/texlive/2025/texmf-dist/tex/latex/ctex/config/c
tex-name-utf8.cfg
File: ctex-name-utf8.cfg 2022/07/14 v2.5.10 Caption with encoding UTF-8 (CTEX)
))
(d:/Software/Tools/IDE/Tex Live/texlive/2025/texmf-dist/tex/latex/ctex/ctex-c5s
ize.clo
File: ctex-c5size.clo 2022/07/14 v2.5.10 c5size option (CTEX)
)
(d:/Software/Tools/IDE/Tex Live/texlive/2025/texmf-dist/tex/latex/ctex/fontset/
ctex-fontset-windows.def
File: ctex-fontset-windows.def 2022/07/14 v2.5.10 Windows fonts definition (CTE
X)
))
(d:/Software/Tools/IDE/Tex Live/texlive/2025/texmf-dist/tex/latex/ctex/config/c
tex.cfg
File: ctex.cfg 2022/07/14 v2.5.10 Configuration file (CTEX)
)
(d:/Software/Tools/IDE/Tex Live/texlive/2025/texmf-dist/tex/latex/cite/cite.sty
LaTeX Info: Redefining \cite on input line 302.
LaTeX Info: Redefining \nocite on input line 332.
Package: cite 2015/02/27  v 5.5
)
(d:/Software/Tools/IDE/Tex Live/texlive/2025/texmf-dist/tex/latex/amsmath/amsma
th.sty
Package: amsmath 2024/11/05 v2.17t AMS math features
\@mathmargin=\skip53

For additional information on amsmath, use the `?' option.

(d:/Software/Tools/IDE/Tex Live/texlive/2025/texmf-dist/tex/latex/amsmath/amste
xt.sty
Package: amstext 2021/08/26 v2.01 AMS text

(d:/Software/Tools/IDE/Tex Live/texlive/2025/texmf-dist/tex/latex/amsmath/amsge
n.sty
File: amsgen.sty 1999/11/30 v2.0 generic functions
\@emptytoks=\toks20
\ex@=\dimen168
))
(d:/Software/Tools/IDE/Tex Live/texlive/2025/texmf-dist/tex/latex/amsmath/amsbs
y.sty
Package: amsbsy 1999/11/29 v1.2d Bold Symbols
\pmbraise@=\dimen169
)
(d:/Software/Tools/IDE/Tex Live/texlive/2025/texmf-dist/tex/latex/amsmath/amsop
n.sty
Package: amsopn 2022/04/08 v2.04 operator names
)
\inf@bad=\count288
LaTeX Info: Redefining \frac on input line 233.
\uproot@=\count289
\leftroot@=\count290
LaTeX Info: Redefining \overline on input line 398.
LaTeX Info: Redefining \colon on input line 409.
\classnum@=\count291
\DOTSCASE@=\count292
LaTeX Info: Redefining \ldots on input line 495.
LaTeX Info: Redefining \dots on input line 498.
LaTeX Info: Redefining \cdots on input line 619.
\Mathstrutbox@=\box57
\strutbox@=\box58
LaTeX Info: Redefining \big on input line 721.
LaTeX Info: Redefining \Big on input line 722.
LaTeX Info: Redefining \bigg on input line 723.
LaTeX Info: Redefining \Bigg on input line 724.
\big@size=\dimen170
LaTeX Font Info:    Redeclaring font encoding OML on input line 742.
LaTeX Font Info:    Redeclaring font encoding OMS on input line 743.
\macc@depth=\count293
LaTeX Info: Redefining \bmod on input line 904.
LaTeX Info: Redefining \pmod on input line 909.
LaTeX Info: Redefining \smash on input line 939.
LaTeX Info: Redefining \relbar on input line 969.
LaTeX Info: Redefining \Relbar on input line 970.
\c@MaxMatrixCols=\count294
\dotsspace@=\muskip17
\c@parentequation=\count295
\dspbrk@lvl=\count296
\tag@help=\toks21
\row@=\count297
\column@=\count298
\maxfields@=\count299
\andhelp@=\toks22
\eqnshift@=\dimen171
\alignsep@=\dimen172
\tagshift@=\dimen173
\tagwidth@=\dimen174
\totwidth@=\dimen175
\lineht@=\dimen176
\@envbody=\toks23
\multlinegap=\skip54
\multlinetaggap=\skip55
\mathdisplay@stack=\toks24
LaTeX Info: Redefining \[ on input line 2953.
LaTeX Info: Redefining \] on input line 2954.
)
(d:/Software/Tools/IDE/Tex Live/texlive/2025/texmf-dist/tex/latex/amsfonts/amss
ymb.sty
Package: amssymb 2013/01/14 v3.01 AMS font symbols

(d:/Software/Tools/IDE/Tex Live/texlive/2025/texmf-dist/tex/latex/amsfonts/amsf
onts.sty
Package: amsfonts 2013/01/14 v3.01 Basic AMSFonts support
\symAMSa=\mathgroup4
\symAMSb=\mathgroup5
LaTeX Font Info:    Redeclaring math symbol \hbar on input line 98.
LaTeX Font Info:    Overwriting math alphabet `\mathfrak' in version `bold'
(Font)                  U/euf/m/n --> U/euf/b/n on input line 106.
))
(d:/Software/Tools/IDE/Tex Live/texlive/2025/texmf-dist/tex/latex/algorithms/al
gorithmic.sty
Package: algorithmic 2009/08/24 v0.1 Document Style `algorithmic'

(d:/Software/Tools/IDE/Tex Live/texlive/2025/texmf-dist/tex/latex/base/ifthen.s
ty
Package: ifthen 2024/03/16 v1.1e Standard LaTeX ifthen package (DPC)
)
(d:/Software/Tools/IDE/Tex Live/texlive/2025/texmf-dist/tex/latex/graphics/keyv
al.sty
Package: keyval 2022/05/29 v1.15 key=value parser (DPC)
\KV@toks@=\toks25
)
\c@ALC@unique=\count300
\c@ALC@line=\count301
\c@ALC@rem=\count302
\c@ALC@depth=\count303
\ALC@tlm=\skip56
\algorithmicindent=\skip57
)
(d:/Software/Tools/IDE/Tex Live/texlive/2025/texmf-dist/tex/latex/graphics/grap
hicx.sty
Package: graphicx 2021/09/16 v1.2d Enhanced LaTeX Graphics (DPC,SPQR)

(d:/Software/Tools/IDE/Tex Live/texlive/2025/texmf-dist/tex/latex/graphics/grap
hics.sty
Package: graphics 2024/08/06 v1.4g Standard LaTeX Graphics (DPC,SPQR)

(d:/Software/Tools/IDE/Tex Live/texlive/2025/texmf-dist/tex/latex/graphics/trig
.sty
Package: trig 2023/12/02 v1.11 sin cos tan (DPC)
)
(d:/Software/Tools/IDE/Tex Live/texlive/2025/texmf-dist/tex/latex/graphics-cfg/
graphics.cfg
File: graphics.cfg 2016/06/04 v1.11 sample graphics configuration
)
Package graphics Info: Driver file: pdftex.def on input line 106.

(d:/Software/Tools/IDE/Tex Live/texlive/2025/texmf-dist/tex/latex/graphics-def/
pdftex.def
File: pdftex.def 2024/04/13 v1.2c Graphics/color driver for pdftex
))
\Gin@req@height=\dimen177
\Gin@req@width=\dimen178
)
(d:/Software/Tools/IDE/Tex Live/texlive/2025/texmf-dist/tex/latex/base/textcomp
.sty
Package: textcomp 2024/04/24 v2.1b Standard LaTeX package
)
(d:/Software/Tools/IDE/Tex Live/texlive/2025/texmf-dist/tex/latex/xcolor/xcolor
.sty
Package: xcolor 2024/09/29 v3.02 LaTeX color extensions (UK)

(d:/Software/Tools/IDE/Tex Live/texlive/2025/texmf-dist/tex/latex/graphics-cfg/
color.cfg
File: color.cfg 2016/01/02 v1.6 sample color configuration
)
Package xcolor Info: Driver file: pdftex.def on input line 274.

(d:/Software/Tools/IDE/Tex Live/texlive/2025/texmf-dist/tex/latex/graphics/math
color.ltx)
Package xcolor Info: Model `cmy' substituted by `cmy0' on input line 1349.
Package xcolor Info: Model `hsb' substituted by `rgb' on input line 1353.
Package xcolor Info: Model `RGB' extended on input line 1365.
Package xcolor Info: Model `HTML' substituted by `rgb' on input line 1367.
Package xcolor Info: Model `Hsb' substituted by `hsb' on input line 1368.
Package xcolor Info: Model `tHsb' substituted by `hsb' on input line 1369.
Package xcolor Info: Model `HSB' substituted by `hsb' on input line 1370.
Package xcolor Info: Model `Gray' substituted by `gray' on input line 1371.
Package xcolor Info: Model `wave' substituted by `hsb' on input line 1372.
)
(d:/Software/Tools/IDE/Tex Live/texlive/2025/texmf-dist/tex/latex/booktabs/book
tabs.sty
Package: booktabs 2020/01/12 v1.61803398 Publication quality tables
\heavyrulewidth=\dimen179
\lightrulewidth=\dimen180
\cmidrulewidth=\dimen181
\belowrulesep=\dimen182
\belowbottomsep=\dimen183
\aboverulesep=\dimen184
\abovetopsep=\dimen185
\cmidrulesep=\dimen186
\cmidrulekern=\dimen187
\defaultaddspace=\dimen188
\@cmidla=\count304
\@cmidlb=\count305
\@aboverulesep=\dimen189
\@belowrulesep=\dimen190
\@thisruleclass=\count306
\@lastruleclass=\count307
\@thisrulewidth=\dimen191
)
(d:/Software/Tools/IDE/Tex Live/texlive/2025/texmf-dist/tex/latex/tools/array.s
ty
Package: array 2024/10/17 v2.6g Tabular extension package (FMi)
\col@sep=\dimen192
\ar@mcellbox=\box59
\extrarowheight=\dimen193
\NC@list=\toks26
\extratabsurround=\skip58
\backup@length=\skip59
\ar@cellbox=\box60
)
(d:/Software/Tools/IDE/Tex Live/texlive/2025/texmf-dist/tex/latex/cjk/texinput/
UTF8/UTF8.enc
File: UTF8.enc 2021/10/16 4.8.5
)
(d:/Software/Tools/IDE/Tex Live/texlive/2025/texmf-dist/tex/latex/cjk/texinput/
UTF8/UTF8.chr
File: UTF8.chr 2021/10/16 4.8.5
) (./conference_041818.aux)
\openout1 = `conference_041818.aux'.

LaTeX Font Info:    Checking defaults for OML/cmm/m/it on input line 16.
LaTeX Font Info:    ... okay on input line 16.
LaTeX Font Info:    Checking defaults for OMS/cmsy/m/n on input line 16.
LaTeX Font Info:    ... okay on input line 16.
LaTeX Font Info:    Checking defaults for OT1/cmr/m/n on input line 16.
LaTeX Font Info:    ... okay on input line 16.
LaTeX Font Info:    Checking defaults for T1/cmr/m/n on input line 16.
LaTeX Font Info:    ... okay on input line 16.
LaTeX Font Info:    Checking defaults for TS1/cmr/m/n on input line 16.
LaTeX Font Info:    ... okay on input line 16.
LaTeX Font Info:    Checking defaults for OMX/cmex/m/n on input line 16.
LaTeX Font Info:    ... okay on input line 16.
LaTeX Font Info:    Checking defaults for U/cmr/m/n on input line 16.
LaTeX Font Info:    ... okay on input line 16.
LaTeX Font Info:    Checking defaults for C00/song/m/n on input line 16.
LaTeX Font Info:    ... okay on input line 16.
LaTeX Font Info:    Checking defaults for C05/song/m/n on input line 16.
LaTeX Font Info:    ... okay on input line 16.
LaTeX Font Info:    Checking defaults for C09/song/m/n on input line 16.
LaTeX Font Info:    ... okay on input line 16.
LaTeX Font Info:    Checking defaults for C10/song/m/n on input line 16.
LaTeX Font Info:    ... okay on input line 16.
LaTeX Font Info:    Checking defaults for C20/song/m/n on input line 16.
LaTeX Font Info:    ... okay on input line 16.
LaTeX Font Info:    Checking defaults for C19/song/m/n on input line 16.
LaTeX Font Info:    ... okay on input line 16.
LaTeX Font Info:    Checking defaults for C40/song/m/n on input line 16.
LaTeX Font Info:    ... okay on input line 16.
LaTeX Font Info:    Checking defaults for C42/song/m/n on input line 16.
LaTeX Font Info:    ... okay on input line 16.
LaTeX Font Info:    Checking defaults for C43/song/m/n on input line 16.
LaTeX Font Info:    ... okay on input line 16.
LaTeX Font Info:    Checking defaults for C50/song/m/n on input line 16.
LaTeX Font Info:    ... okay on input line 16.
LaTeX Font Info:    Checking defaults for C52/song/m/n on input line 16.
LaTeX Font Info:    ... okay on input line 16.
LaTeX Font Info:    Checking defaults for C49/song/m/n on input line 16.
LaTeX Font Info:    ... okay on input line 16.
LaTeX Font Info:    Checking defaults for C60/mj/m/n on input line 16.
LaTeX Font Info:    ... okay on input line 16.
LaTeX Font Info:    Checking defaults for C61/mj/m/n on input line 16.
LaTeX Font Info:    ... okay on input line 16.
LaTeX Font Info:    Checking defaults for C63/mj/m/n on input line 16.
LaTeX Font Info:    ... okay on input line 16.
LaTeX Font Info:    Checking defaults for C64/mj/m/n on input line 16.
LaTeX Font Info:    ... okay on input line 16.
LaTeX Font Info:    Checking defaults for C65/mj/m/n on input line 16.
LaTeX Font Info:    ... okay on input line 16.
LaTeX Font Info:    Checking defaults for C70/song/m/n on input line 16.
LaTeX Font Info:    ... okay on input line 16.
LaTeX Font Info:    Checking defaults for C31/song/m/n on input line 16.
LaTeX Font Info:    ... okay on input line 16.
LaTeX Font Info:    Checking defaults for C32/song/m/n on input line 16.
LaTeX Font Info:    ... okay on input line 16.
LaTeX Font Info:    Checking defaults for C33/song/m/n on input line 16.
LaTeX Font Info:    ... okay on input line 16.
LaTeX Font Info:    Checking defaults for C34/song/m/n on input line 16.
LaTeX Font Info:    ... okay on input line 16.
LaTeX Font Info:    Checking defaults for C35/song/m/n on input line 16.
LaTeX Font Info:    ... okay on input line 16.
LaTeX Font Info:    Checking defaults for C36/song/m/n on input line 16.
LaTeX Font Info:    ... okay on input line 16.
LaTeX Font Info:    Checking defaults for C37/song/m/n on input line 16.
LaTeX Font Info:    ... okay on input line 16.
LaTeX Font Info:    Checking defaults for C80/song/m/n on input line 16.
LaTeX Font Info:    ... okay on input line 16.
LaTeX Font Info:    Checking defaults for C81/song/m/n on input line 16.
LaTeX Font Info:    ... okay on input line 16.
LaTeX Font Info:    Checking defaults for C01/song/m/n on input line 16.
LaTeX Font Info:    ... okay on input line 16.
LaTeX Font Info:    Checking defaults for C11/song/m/n on input line 16.
LaTeX Font Info:    ... okay on input line 16.
LaTeX Font Info:    Checking defaults for C21/song/m/n on input line 16.
LaTeX Font Info:    ... okay on input line 16.
LaTeX Font Info:    Checking defaults for C41/song/m/n on input line 16.
LaTeX Font Info:    ... okay on input line 16.
LaTeX Font Info:    Checking defaults for C62/song/m/n on input line 16.
LaTeX Font Info:    ... okay on input line 16.

-- Lines per column: 41 (approximate, difference = 2.34192pt).

(d:/Software/Tools/IDE/Tex Live/texlive/2025/texmf-dist/tex/context/base/mkii/s
upp-pdf.mkii
[Loading MPS to PDF converter (version 2006.09.02).]
\scratchcounter=\count308
\scratchdimen=\dimen194
\scratchbox=\box61
\nofMPsegments=\count309
\nofMParguments=\count310
\everyMPshowfont=\toks27
\MPscratchCnt=\count311
\MPscratchDim=\dimen195
\MPnumerator=\count312
\makeMPintoPDFobject=\count313
\everyMPtoPDFconversion=\toks28
)
(d:/Software/Tools/IDE/Tex Live/texlive/2025/texmf-dist/tex/latex/epstopdf-pkg/
epstopdf-base.sty
Package: epstopdf-base 2020-01-24 v2.11 Base part for package epstopdf
Package epstopdf-base Info: Redefining graphics rule for `.eps' on input line 4
85.

(d:/Software/Tools/IDE/Tex Live/texlive/2025/texmf-dist/tex/latex/latexconfig/e
pstopdf-sys.cfg
File: epstopdf-sys.cfg 2010/07/13 v1.3 Configuration of (r)epstopdf for TeX Liv
e
))
LaTeX Font Info:    Trying to load font information for C70+rm on input line 28
.

(d:/Software/Tools/IDE/Tex Live/texlive/2025/texmf-dist/tex/latex/ctex/fd/c70rm
.fd
File: c70rm.fd 2022/07/14 v2.5.10 Chinese font definition (CTEX)
)
Package CJKpunct Info: use punctuation spaces for family 'rm' with punctstyle (
quanjiao) on input line 31.


LaTeX Font Warning: Font shape `C70/rm/m/sc' undefined
(Font)              using `C70/rm/m/n' instead on input line 38.






(d:/Software/Tools/IDE/Tex Live/texlive/2025/texmf-dist/tex/generic/ctex/zhmap/
ctex-zhmap-windows.tex
File: ctex-zhmap-windows.tex 2022/07/14 v2.5.10 Windows font map loader for pdf
TeX and DVIPDFMx (CTEX)
{d:/Software/Tools/IDE/Tex Live/texlive/2025/texmf-var/fonts/map/pdftex/updmap/
pdftex.map}{UGBK.sfd}{Unicode.sfd}) [1{d:/Software/Tools/IDE/Tex Live/texlive/2
025/texmf-dist/fonts/enc/dvips/base/8r.enc}


]
LaTeX Font Info:    Trying to load font information for U+msa on input line 64.


(d:/Software/Tools/IDE/Tex Live/texlive/2025/texmf-dist/tex/latex/amsfonts/umsa
.fd
File: umsa.fd 2013/01/14 v3.01 AMS symbols A
)
LaTeX Font Info:    Trying to load font information for U+msb on input line 64.


(d:/Software/Tools/IDE/Tex Live/texlive/2025/texmf-dist/tex/latex/amsfonts/umsb
.fd
File: umsb.fd 2013/01/14 v3.01 AMS symbols B
)
Underfull \hbox (badness 10000) in paragraph at lines 81--81
[]|\OT1/ptm/m/n/7.52812 Zhong \C70/rm/m/n/7.52812/7b I
 []





[2]
Package CJKpunct Info: use punctuation spaces for family 'zhkai' with punctstyl
e (quanjiao) on input line 130.




[3]
LaTeX Font Info:    Trying to load font information for OT1+pcr on input line 1
64.

(d:/Software/Tools/IDE/Tex Live/texlive/2025/texmf-dist/tex/latex/psnfss/ot1pcr
.fd
File: ot1pcr.fd 2001/06/04 font definitions for OT1/pcr.
)
Overfull \hbox (165.35916pt too wide) in paragraph at lines 183--183
[]   \OT1/pcr/m/n/10.53937 +---------------------------------------------------
----------+[] 
 []

LaTeX Font Info:    Trying to load font information for C70+zhfs on input line 
183.

(d:/Software/Tools/IDE/Tex Live/texlive/2025/texmf-dist/tex/latex/zhmetrics/c70
zhfs.fd
File: c70zhfs.fd 2009/09/23 4.8.2
)
Underfull \hbox (badness 10000) in paragraph at lines 183--183
[]   \OT1/pcr/m/n/10.53937 |                     \C70/zhfs/m/n/10.53937/7b ° \C
70/zhfs/m/n/10.53937/74 ^^F
 []


Overfull \hbox (165.35916pt too wide) in paragraph at lines 183--183
[]   \OT1/pcr/m/n/10.53937 |                                                   
          |[] 
 []


Overfull \hbox (165.35916pt too wide) in paragraph at lines 183--183
[]   \OT1/pcr/m/n/10.53937 |    +----------------------------------------------
-----+    |[] 
 []


Underfull \hbox (badness 10000) in paragraph at lines 183--183
[]   \OT1/pcr/m/n/10.53937 |    |               \C70/zhfs/m/n/10.53937/67 ^^@ \
C70/zhfs/m/n/10.53937/51 Ö
 []


Overfull \hbox (165.35916pt too wide) in paragraph at lines 183--183
[]   \OT1/pcr/m/n/10.53937 |    |                                              
     |    |[] 
 []


Overfull \hbox (165.35916pt too wide) in paragraph at lines 183--183
[]   \OT1/pcr/m/n/10.53937 |    +----------------------------------------------
-----+    |[] 
 []


Overfull \hbox (171.68279pt too wide) in paragraph at lines 183--183
[]   \OT1/pcr/m/n/10.53937 | - - - - - - - - - - - - - - - - - - - - - - - - - 
- - - - -  |[] 
 []

Package CJKpunct Info: use punctuation spaces for family 'zhfs' with punctstyle
 (quanjiao) on input line 183.

Underfull \hbox (badness 1616) in paragraph at lines 183--183
[]   \OT1/pcr/m/n/10.53937 | \C70/zhfs/m/n/10.53937/5f 9 \C70/zhfs/m/n/10.53937
/60 ' \C70/zhfs/m/n/10.53937/51 Ö \C70/zhfs/m/n/10.53937/8f π \C70/zhfs/m/n/10.
53937/75 L |\C70/zhfs/m/n/10.53937/30 ^^P|\C70/zhfs/m/n/10.53937/51 ˙ \C70/zhfs
/m/n/10.53937/57 ﬂ \C70/zhfs/m/n/10.53937/75 L \C70/zhfs/m/n/10.53937/96 P|\C70
/zhfs/m/n/10.53937/30 ^^Q||\C70/zhfs/m/n/10.53937/ff ^^Z| \C70/zhfs/m/n/10.5393
7/89 Ê \C70/zhfs/m/n/10.53937/53 — \C70/zhfs/m/n/10.53937/51 ˙ \C70/zhfs/m/n/10
.53937/57 ﬂ \C70/zhfs/m/n/10.53937/8b ° \C70/zhfs/m/n/10.53937/65 ˆ
 []


Overfull \hbox (165.35916pt too wide) in paragraph at lines 183--183
[]   \OT1/pcr/m/n/10.53937 |                                                   
          |[] 
 []


Overfull \hbox (165.35916pt too wide) in paragraph at lines 183--183
[]   \OT1/pcr/m/n/10.53937 +---------------------------------------------------
----------+[] 
 []


Underfull \hbox (badness 1383) in paragraph at lines 183--183
[]   \OT1/pcr/m/n/10.53937 ====================== \C70/zhfs/m/n/10.53937/72 i \
C70/zhfs/m/n/10.53937/74 ^^F \C70/zhfs/m/n/10.53937/88 L \C70/zhfs/m/n/10.53937
/65 ? \C70/zhfs/m/n/10.53937/7a z \C70/zhfs/m/n/10.53937/57 ﬂ \C70/zhfs/m/n/10.
53937/8f π
 []


Overfull \hbox (165.35916pt too wide) in paragraph at lines 183--183
[]   \OT1/pcr/m/n/10.53937 +---------------------------------------------------
----------+[] 
 []


Overfull \hbox (171.68279pt too wide) in paragraph at lines 183--183
[]   \OT1/pcr/m/n/10.53937 | - - - - - - - - - - - - - - - - - - - - - - - - - 
- - - - -  |[] 
 []


Underfull \hbox (badness 10000) in paragraph at lines 183--183
[]   \OT1/pcr/m/n/10.53937 |                     \C70/zhfs/m/n/10.53937/7b ° \C
70/zhfs/m/n/10.53937/74 ^^F
 []


Overfull \hbox (165.35916pt too wide) in paragraph at lines 183--183
[]   \OT1/pcr/m/n/10.53937 +---------------------------------------------------
----------+[] 
 []


Overfull \hbox (40.97513pt too wide) detected at line 190
\OML/cmm/m/it/10.53937 d \OT1/cmr/m/n/10.53937 = \OML/cmm/m/it/10.53937 v\OT1/c
mr/m/n/10.53937 (\OML/cmm/m/it/10.53937 t\OT1/cmr/m/n/10.53937 ) \OMS/cmsy/m/n/
10.53937 ^^A []\OT1/cmr/m/n/10.53937 (\OML/cmm/m/it/10.53937 ^^R\OT1/cmr/m/n/10
.53937 ) \OMS/cmsy/m/n/10.53937 ^^A [] \OT1/cmr/m/n/10.53937 + 3\OML/cmm/m/it/1
0.53937 ^^[[]
 []



Runaway argument?
{itemize">È´òÈÄü„ÄÅÂº∫ÁîµÁ£ÅÂπ≤Êâ∞Âú∫ÊôØËá™Âä®Êâ©Â§ß $d$ÔºåÊèêÂâçÂêØÂ\ETC.
! Paragraph ended before \end  was complete.
<to be read again> 
                   \par 
l.206 			
         
I suspect you've forgotten a `}', causing me to apply this
control sequence to too much text. How can we recover?
My plan is to forget the whole thing and hope for the best.


Underfull \hbox (badness 10000) in paragraph at lines 207--207
 \OT1/ptm/m/it/10.53937 C. \C70/rm/m/it/10.53937/57 ﬂ \C70/rm/m/it/10.53937/95 
Ù \C70/rm/m/it/10.53937/4e ã \C70/rm/m/it/10.53937/52 M \C70/rm/m/it/10.53937/8
b § ¡ |\C70/rm/m/it/10.53937/ff ^^H|\OT1/ptm/m/it/10.53937 Inter-Domain Pre-
 []


Underfull \vbox (badness 1484) has occurred while \output is active []



[4]
Overfull \hbox (44.60803pt too wide) detected at line 212
\OML/cmm/m/it/10.53937 Req[] \OT1/cmr/m/n/10.53937 = \OMS/cmsy/m/n/10.53937 f\O
ML/cmm/m/it/10.53937 PID[]; \OMS/cmsy/m/n/10.53937 D[]\OML/cmm/m/it/10.53937 ; 
Timestamp; \OMS/cmsy/m/n/10.53937 S[]\OT1/cmr/m/n/10.53937 (\OML/cmm/m/it/10.53
937 PID[] \OMS/cmsy/m/n/10.53937 k D[]\OT1/cmr/m/n/10.53937 )\OMS/cmsy/m/n/10.5
3937 g
 []


Overfull \hbox (71.94531pt too wide) detected at line 223
\OML/cmm/m/it/10.53937 Res[] \OT1/cmr/m/n/10.53937 = \OMS/cmsy/m/n/10.53937 f\O
ML/cmm/m/it/10.53937 PID[]; []\OT1/cmr/m/n/10.53937 (\OML/cmm/m/it/10.53937 sk[
]; R[] \OMS/cmsy/m/n/10.53937 k \OML/cmm/m/it/10.53937 TS[]\OT1/cmr/m/n/10.5393
7 )\OML/cmm/m/it/10.53937 ; Proof[]\OMS/cmsy/m/n/10.53937 g
 []


Underfull \hbox (badness 2932) in paragraph at lines 228--229
[]\C70/rm/m/sc/10.53937/8b ˚ \C70/rm/m/n/10.53937/53 ÷ \C70/rm/m/n/10.53937/80 
T \C70/rm/m/sc/10.53937/76 ﬂ \C70/rm/m/n/10.53937/94 ˛ \C70/rm/m/sc/10.53937/67
 ^^@ \C70/rm/m/sc/10.53937/65 ∞ \C70/rm/m/n/10.53937/6b Õ \C70/rm/m/n/10.53937/
57 ﬂ \OT1/ptm/m/n/10.53937 SMT \C70/rm/m/sc/10.53937/68 9 \C70/rm/m/n/10.53937/
54 » \C70/rm/m/n/10.53937/5e ^^L
 []


Underfull \hbox (badness 7047) in paragraph at lines 229--230
[]\OT1/cmr/m/n/10.53937 (\OML/cmm/m/it/10.53937 Root[]; PID[]; Proof[]\OT1/cmr/
m/n/10.53937 ) =
 []




Underfull \hbox (badness 10000) in paragraph at lines 267--267
[]     \C70/zhfs/m/n/10.53937/60 v \C70/zhfs/m/n/10.53937/61 ^^O \C70/zhfs/m/n/
10.53937/65 ‡ \C70/zhfs/m/n/10.53937/4e ∫ \C70/zhfs/m/n/10.53937/67 : \C70/zhfs
/m/n/10.53937/64 : \C70/zhfs/m/n/10.53937/5e & \C70/zhfs/m/n/10.53937/4e ^^M \C
70/zhfs/m/n/10.53937/53 ÿ \C70/zhfs/m/n/10.53937/78 l \C70/zhfs/m/n/10.53937/4e
 ˆ \C70/zhfs/m/n/10.53937/63 ^^G
 []

LaTeX Info: Symbol \textdownarrow not provided by
            font family pcr in TS1 encoding.
            Default family used instead on input line 267.
LaTeX Info: Symbol \textdownarrow not provided by
            font family pcr in TS1 encoding.
            Default family used instead on input line 267.
LaTeX Info: Symbol \textdownarrow not provided by
            font family pcr in TS1 encoding.
            Default family used instead on input line 267.
LaTeX Info: Symbol \textdownarrow not provided by
            font family pcr in TS1 encoding.
            Default family used instead on input line 267.
LaTeX Info: Symbol \textdownarrow not provided by
            font family pcr in TS1 encoding.
            Default family used instead on input line 267.


[5]


Underfull \hbox (badness 7030) in paragraph at lines 318--319
 \OT1/ptm/m/it/10.53937 1) Dilithium3: [][] \C70/rm/m/n/10.53937/90 	 \C70/rm/m
/n/10.53937/75 ( \OT1/ptm/m/n/10.53937 NIST \C70/rm/m/sc/10.53937/68 ^^G \C70/r
m/m/sc/10.53937/51 ∆ \C70/rm/m/sc/10.53937/53 ^^V \OT1/ptm/m/n/10.53937 Crystal
s-
 []



[6{d:/Software/Tools/IDE/Tex Live/texlive/2025/texmf-dist/fonts/enc/dvips/cm-su
per/cm-super-ts1.enc}]
Underfull \hbox (badness 1990) in paragraph at lines 350--351
[]|\OT1/ptm/m/n/7.52812 ARM Cortex-M7 $\OMS/cmsy/m/n/7.52812 ^^U \OT1/cmr/m/n/7
.52812 400[]$ \OT1/ptm/m/n/7.52812 /
 []


Underfull \hbox (badness 3514) in paragraph at lines 351--352
[]|\OT1/ptm/m/n/7.52812 SRAM $\OMS/cmsy/m/n/7.52812 ^^U \OT1/cmr/m/n/7.52812 51
2[]$|\C70/rm/m/n/7.52812/ff ^^L| \OT1/ptm/m/n/7.52812 DRAM $\OMS/cmsy/m/n/7.528
12 ^^U
 []


Underfull \hbox (badness 1454) in paragraph at lines 354--355
[]|\C70/rm/m/n/7.52812/56 ˙ \C70/rm/m/n/7.52812/4e ˆ|\C70/rm/m/n/7.52812/30 ^^A
| \OT1/ptm/m/n/7.52812 MAC|\C70/rm/m/n/7.52812/30 ^^A| \C70/rm/m/sc/7.52812/8f 
o \C70/rm/m/n/7.52812/4e ˆ \OT1/ptm/m/n/7.52812 ID \C70/rm/m/n/7.52812/53 Ô \C7
0/rm/m/sc/7.52812/4f Ó \C70/rm/m/n/7.52812/65 9|\C70/rm/m/n/7.52812/ff ^^L|
 []


Overfull \hbox (33.31725pt too wide) in paragraph at lines 344--357
 [] 
 []





[7]



[8]
Underfull \hbox (badness 1968) in paragraph at lines 440--441
[]\OT1/ptm/m/n/7.52812 M. Shen, H. Liu, L. Zhu, K. Xu, H. Yu, X. Du, and M.
 []


Underfull \hbox (badness 1418) in paragraph at lines 440--441
\OT1/ptm/m/n/7.52812 Guizani, "Blockchain-Assisted Se-cure De-vice Au-then-ti-c
a-tion for
 []




** Conference Paper **
Before submitting the final camera ready copy, remember to:

 1. Manually equalize the lengths of two columns on the last page
 of your paper;

 2. Ensure that any PostScript and/or PDF output post-processing
 uses only Type 1 fonts and that every step in the generation
 process uses the appropriate paper size.


! LaTeX Error: \begin{itemize} on input line 193 ended by \end{document}.

See the LaTeX manual or LaTeX Companion for explanation.
Type  H <return>  for immediate help.
 ...                                              
                                                  
l.452 		\end{document}
                      
Your command was ignored.
Type  I <command> <return>  to replace it with another command,
or  <return>  to continue without it.



[9] (./conference_041818.aux)
 ***********
LaTeX2e <2024-11-01> patch level 2
L3 programming layer <2022/07/14>
 ***********


LaTeX Font Warning: Some font shapes were not available, defaults substituted.

 )
(\end occurred inside a group at level 1)

### semi simple group (level 1) entered at line 193 (\begingroup)
### bottom level 
Here is how much of TeX's memory you used:
 10988 strings out of 473190
 200943 string characters out of 5705356
 599921 words of memory out of 5000000
 33360 multiletter control sequences out of 15000+600000
 732019 words of font info for 573 fonts, out of 8000000 for 9000
 1141 hyphenation exceptions out of 8191
 80i,14n,83p,1603b,493s stack positions out of 10000i,1000n,20000p,200000b,200000s
<c:/Windows/Fonts/simkai.ttf><c:/Windows/Fonts/simkai.ttf><c:/W
indows/Fonts/simhei.ttf><c:/Windows/Fonts/simkai.ttf><c:/Windows/Fonts/simkai.t
tf><c:/Windows/Fonts/simkai.ttf><c:/Windows/Fonts/simkai.ttf><c:/Windows/Fonts/
simfang.ttf><c:/Windows/Fonts/simfang.ttf><c:/Windows/Fonts/simfang.ttf><c:/Win
dows/Fonts/simfang.ttf><c:/Windows/Fonts/simfang.ttf><c:/Windows/Fonts/simfang.
ttf><c:/Windows/Fonts/simfang.ttf><c:/Windows/Fonts/simfang.ttf><c:/Windows/Fon
ts/simfang.ttf><c:/Windows/Fonts/simfang.ttf><c:/Windows/Fonts/simfang.ttf><c:/
Windows/Fonts/simfang.ttf><c:/Windows/Fonts/simfang.ttf><c:/Windows/Fonts/simfa
ng.ttf><c:/Windows/Fonts/simfang.ttf><c:/Windows/Fonts/simfang.ttf><c:/Windows/
Fonts/simkai.ttf><c:/Windows/Fonts/simkai.ttf><c:/Windows/Fonts/simkai.ttf><c:/
Windows/Fonts/simsun.ttc><c:/Windows/Fonts/simkai.ttf><c:/Windows/Fonts/simhei.
ttf><c:/Windows/Fonts/simkai.ttf><c:/Windows/Fonts/simkai.ttf><c:/Windows/Fonts
/simkai.ttf><c:/Windows/Fonts/simkai.ttf><c:/Windows/Fonts/simfang.ttf><c:/Wind
ows/Fonts/simfang.ttf><c:/Windows/Fonts/simfang.ttf><c:/Windows/Fonts/simfang.t
tf><c:/Windows/Fonts/simfang.ttf><c:/Windows/Fonts/simfang.ttf><c:/Windows/Font
s/simfang.ttf><c:/Windows/Fonts/simfang.ttf><c:/Windows/Fonts/simfang.ttf><c:/W
indows/Fonts/simfang.ttf><c:/Windows/Fonts/simfang.ttf><c:/Windows/Fonts/simfan
g.ttf><c:/Windows/Fonts/simfang.ttf><c:/Windows/Fonts/simfang.ttf><c:/Windows/F
onts/simfang.ttf><c:/Windows/Fonts/simfang.ttf><c:/Windows/Fonts/simfang.ttf><c
:/Windows/Fonts/simfang.ttf><c:/Windows/Fonts/simfang.ttf><c:/Windows/Fonts/sim
fang.ttf><c:/Windows/Fonts/simfang.ttf><c:/Windows/Fonts/simfang.ttf><c:/Window
s/Fonts/simfang.ttf><c:/Windows/Fonts/simfang.ttf><c:/Windows/Fonts/simfang.ttf
><c:/Windows/Fonts/simfang.ttf><c:/Windows/Fonts/simfang.ttf><c:/Windows/Fonts/
simfang.ttf><c:/Windows/Fonts/simfang.ttf><c:/Windows/Fonts/simfang.ttf><c:/Win
dows/Fonts/simfang.ttf><c:/Windows/Fonts/simfang.ttf><c:/Windows/Fonts/simkai.t
tf><c:/Windows/Fonts/simkai.ttf><c:/Windows/Fonts/simkai.ttf><c:/Windows/Fonts/
simkai.ttf><c:/Windows/Fonts/simkai.ttf><c:/Windows/Fonts/simkai.ttf><c:/Window
s/Fonts/simkai.ttf><c:/Windows/Fonts/simkai.ttf><c:/Windows/Fonts/simkai.ttf><c
:/Windows/Fonts/simkai.ttf><c:/Windows/Fonts/simkai.ttf><c:/Windows/Fonts/simka
i.ttf><c:/Windows/Fonts/simkai.ttf><c:/Windows/Fonts/simkai.ttf><c:/Windows/Fon
ts/simkai.ttf><c:/Windows/Fonts/simkai.ttf><c:/Windows/Fonts/simkai.ttf><c:/Win
dows/Fonts/simkai.ttf><c:/Windows/Fonts/simsun.ttc><c:/Windows/Fonts/simsun.ttc
><c:/Windows/Fonts/simkai.ttf><c:/Windows/Fonts/simsun.ttc><c:/Windows/Fonts/si
mhei.ttf><c:/Windows/Fonts/simhei.ttf><c:/Windows/Fonts/simkai.ttf><c:/Windows/
Fonts/simsun.ttc><c:/Windows/Fonts/simsun.ttc><c:/Windows/Fonts/simkai.ttf><c:/
Windows/Fonts/simkai.ttf><c:/Windows/Fonts/simkai.ttf><c:/Windows/Fonts/simkai.
ttf><c:/Windows/Fonts/simkai.ttf><c:/Windows/Fonts/simkai.ttf><c:/Windows/Fonts
/simkai.ttf><c:/Windows/Fonts/simkai.ttf><c:/Windows/Fonts/simkai.ttf><c:/Windo
ws/Fonts/simsun.ttc><c:/Windows/Fonts/simsun.ttc><c:/Windows/Fonts/simkai.ttf><
c:/Windows/Fonts/simkai.ttf><c:/Windows/Fonts/simkai.ttf><c:/Windows/Fonts/sims
un.ttc><c:/Windows/Fonts/simsun.ttc><c:/Windows/Fonts/simsun.ttc><c:/Windows/Fo
nts/simsun.ttc><c:/Windows/Fonts/simsun.ttc><c:/Windows/Fonts/simsun.ttc><c:/Wi
ndows/Fonts/simsun.ttc><c:/Windows/Fonts/simsun.ttc><c:/Windows/Fonts/simsun.tt
c><c:/Windows/Fonts/simsun.ttc><c:/Windows/Fonts/simsun.ttc><c:/Windows/Fonts/s
imsun.ttc><c:/Windows/Fonts/simsun.ttc><c:/Windows/Fonts/simsun.ttc><c:/Windows
/Fonts/simsun.ttc><c:/Windows/Fonts/simsun.ttc><c:/Windows/Fonts/simsun.ttc><c:
/Windows/Fonts/simsun.ttc><c:/Windows/Fonts/simsun.ttc><c:/Windows/Fonts/simsun
.ttc><c:/Windows/Fonts/simsun.ttc><c:/Windows/Fonts/simsun.ttc><c:/Windows/Font
s/simsun.ttc><c:/Windows/Fonts/simsun.ttc><c:/Windows/Fonts/simsun.ttc><c:/Wind
ows/Fonts/simsun.ttc><c:/Windows/Fonts/simsun.ttc><c:/Windows/Fonts/simsun.ttc>
<c:/Windows/Fonts/simsun.ttc><c:/Windows/Fonts/simsun.ttc><c:/Windows/Fonts/sim
sun.ttc><c:/Windows/Fonts/simsun.ttc><c:/Windows/Fonts/simsun.ttc><c:/Windows/F
onts/simsun.ttc><c:/Windows/Fonts/simsun.ttc><c:/Windows/Fonts/simsun.ttc><c:/W
indows/Fonts/simsun.ttc><c:/Windows/Fonts/simsun.ttc><c:/Windows/Fonts/simsun.t
tc><c:/Windows/Fonts/simsun.ttc><c:/Windows/Fonts/simsun.ttc><c:/Windows/Fonts/
simsun.ttc><c:/Windows/Fonts/simsun.ttc><c:/Windows/Fonts/simsun.ttc><c:/Window
s/Fonts/simkai.ttf><c:/Windows/Fonts/simkai.ttf><c:/Windows/Fonts/simkai.ttf><c
:/Windows/Fonts/simkai.ttf><c:/Windows/Fonts/simsun.ttc><c:/Windows/Fonts/simsu
n.ttc><c:/Windows/Fonts/simhei.ttf><c:/Windows/Fonts/simhei.ttf><c:/Windows/Fon
ts/simhei.ttf><c:/Windows/Fonts/simhei.ttf><c:/Windows/Fonts/simhei.ttf><c:/Win
dows/Fonts/simhei.ttf><c:/Windows/Fonts/simhei.ttf><c:/Windows/Fonts/simhei.ttf
><c:/Windows/Fonts/simhei.ttf><c:/Windows/Fonts/simhei.ttf><c:/Windows/Fonts/si
mhei.ttf><c:/Windows/Fonts/simhei.ttf><c:/Windows/Fonts/simhei.ttf><c:/Windows/
Fonts/simhei.ttf><c:/Windows/Fonts/simhei.ttf><c:/Windows/Fonts/simhei.ttf><c:/
Windows/Fonts/simhei.ttf><c:/Windows/Fonts/simhei.ttf><c:/Windows/Fonts/simhei.
ttf><c:/Windows/Fonts/simhei.ttf><c:/Windows/Fonts/simhei.ttf><c:/Windows/Fonts
/simhei.ttf><c:/Windows/Fonts/simhei.ttf><c:/Windows/Fonts/simhei.ttf><c:/Windo
ws/Fonts/simhei.ttf><c:/Windows/Fonts/simhei.ttf><c:/Windows/Fonts/simhei.ttf><
c:/Windows/Fonts/simhei.ttf><c:/Windows/Fonts/simhei.ttf><c:/Windows/Fonts/simh
ei.ttf><c:/Windows/Fonts/simhei.ttf><c:/Windows/Fonts/simhei.ttf><c:/Windows/Fo
nts/simhei.ttf><c:/Windows/Fonts/simhei.ttf><c:/Windows/Fonts/simhei.ttf><c:/Wi
ndows/Fonts/simhei.ttf><c:/Windows/Fonts/simhei.ttf><c:/Windows/Fonts/simhei.tt
f><c:/Windows/Fonts/simhei.ttf><c:/Windows/Fonts/simhei.ttf><c:/Windows/Fonts/s
imhei.ttf><c:/Windows/Fonts/simhei.ttf><c:/Windows/Fonts/simhei.ttf><c:/Windows
/Fonts/simhei.ttf><c:/Windows/Fonts/simhei.ttf><c:/Windows/Fonts/simhei.ttf><c:
/Windows/Fonts/simhei.ttf><c:/Windows/Fonts/simhei.ttf><c:/Windows/Fonts/simhei
.ttf><c:/Windows/Fonts/simhei.ttf><c:/Windows/Fonts/simhei.ttf><c:/Windows/Font
s/simhei.ttf><c:/Windows/Fonts/simhei.ttf><c:/Windows/Fonts/simhei.ttf><c:/Wind
ows/Fonts/simhei.ttf><c:/Windows/Fonts/simhei.ttf><c:/Windows/Fonts/simhei.ttf>
<c:/Windows/Fonts/simhei.ttf><c:/Windows/Fonts/simhei.ttf><c:/Windows/Fonts/sim
hei.ttf><c:/Windows/Fonts/simhei.ttf><c:/Windows/Fonts/simhei.ttf><c:/Windows/F
onts/simhei.ttf><c:/Windows/Fonts/simhei.ttf><c:/Windows/Fonts/simhei.ttf><c:/W
indows/Fonts/simkai.ttf><c:/Windows/Fonts/simkai.ttf><c:/Windows/Fonts/simsun.t
tc><c:/Windows/Fonts/simsun.ttc><c:/Windows/Fonts/simkai.ttf><c:/Windows/Fonts/
simkai.ttf><c:/Windows/Fonts/simkai.ttf><c:/Windows/Fonts/simsun.ttc><c:/Window
s/Fonts/simsun.ttc><c:/Windows/Fonts/simsun.ttc><c:/Windows/Fonts/simsun.ttc><c
:/Windows/Fonts/simsun.ttc><c:/Windows/Fonts/simsun.ttc><c:/Windows/Fonts/simsu
n.ttc><c:/Windows/Fonts/simsun.ttc><c:/Windows/Fonts/simsun.ttc><c:/Windows/Fon
ts/simsun.ttc><c:/Windows/Fonts/simsun.ttc><c:/Windows/Fonts/simsun.ttc><c:/Win
dows/Fonts/simsun.ttc><c:/Windows/Fonts/simsun.ttc><c:/Windows/Fonts/simsun.ttc
><c:/Windows/Fonts/simsun.ttc><c:/Windows/Fonts/simsun.ttc><c:/Windows/Fonts/si
msun.ttc><c:/Windows/Fonts/simsun.ttc><d:/Software/Tools/IDE/Tex Live/texlive/2
025/texmf-dist/fonts/type1/public/amsfonts/cm/cmbx10.pfb><d:/Software/Tools/IDE
/Tex Live/texlive/2025/texmf-dist/fonts/type1/public/amsfonts/cm/cmex10.pfb><d:
/Software/Tools/IDE/Tex Live/texlive/2025/texmf-dist/fonts/type1/public/amsfont
s/cm/cmmi10.pfb><d:/Software/Tools/IDE/Tex Live/texlive/2025/texmf-dist/fonts/t
ype1/public/amsfonts/cm/cmmi5.pfb><d:/Software/Tools/IDE/Tex Live/texlive/2025/
texmf-dist/fonts/type1/public/amsfonts/cm/cmmi7.pfb><d:/Software/Tools/IDE/Tex 
Live/texlive/2025/texmf-dist/fonts/type1/public/amsfonts/cm/cmr10.pfb><d:/Softw
are/Tools/IDE/Tex Live/texlive/2025/texmf-dist/fonts/type1/public/amsfonts/cm/c
mr5.pfb><d:/Software/Tools/IDE/Tex Live/texlive/2025/texmf-dist/fonts/type1/pub
lic/amsfonts/cm/cmr7.pfb><d:/Software/Tools/IDE/Tex Live/texlive/2025/texmf-dis
t/fonts/type1/public/amsfonts/cm/cmsy10.pfb><d:/Software/Tools/IDE/Tex Live/tex
live/2025/texmf-dist/fonts/type1/public/amsfonts/cm/cmsy5.pfb><d:/Software/Tool
s/IDE/Tex Live/texlive/2025/texmf-dist/fonts/type1/public/amsfonts/cm/cmsy7.pfb
><d:/Software/Tools/IDE/Tex Live/texlive/2025/texmf-dist/fonts/type1/public/ams
fonts/symbols/msbm10.pfb><d:/Software/Tools/IDE/Tex Live/texlive/2025/texmf-dis
t/fonts/type1/public/amsfonts/symbols/msbm7.pfb><d:/Software/Tools/IDE/Tex Live
/texlive/2025/texmf-dist/fonts/type1/public/cm-super/sftt1000.pfb><d:/Software/
Tools/IDE/Tex Live/texlive/2025/texmf-dist/fonts/type1/urw/courier/ucrr8a.pfb><
d:/Software/Tools/IDE/Tex Live/texlive/2025/texmf-dist/fonts/type1/urw/times/ut
mb8a.pfb><d:/Software/Tools/IDE/Tex Live/texlive/2025/texmf-dist/fonts/type1/ur
w/times/utmbi8a.pfb><d:/Software/Tools/IDE/Tex Live/texlive/2025/texmf-dist/fon
ts/type1/urw/times/utmr8a.pfb><d:/Software/Tools/IDE/Tex Live/texlive/2025/texm
f-dist/fonts/type1/urw/times/utmri8a.pfb>
Output written on conference_041818.pdf (9 pages, 1159605 bytes).
PDF statistics:
 1204 PDF objects out of 1440 (max. 8388607)
 822 compressed objects within 9 object streams
 0 named destinations out of 1000 (max. 500000)
 309 words of extra memory for PDF output out of 10000 (max. 10000000)

